// Jest Snapshot v1, https://goo.gl/fbAQLP

exports[`<InfoLink /> should match the snapshot 1`] = `
.c0 {
  height: 100%;
  color: black;
  display: -webkit-box;
  display: -webkit-flex;
  display: -ms-flexbox;
  display: flex;
  -webkit-align-items: center;
  -webkit-box-align: center;
  -ms-flex-align: center;
  align-items: center;
  width: 100%;
}

<a
  className="c0"
  href="/"
  onClick={[Function]}
/>
`;
